[2026-07-22T03:03:29.908+0000] {local_task_job_runner.py:120} INFO - ::group::Pre task execution logs
[2026-07-22T03:03:30.112+0000] {taskinstance.py:2073} INFO - Dependencies all met for dep_context=non-requeueable deps ti=<TaskInstance: nyc_taxi_pipeline.spark_silver_to_gold manual__2026-07-22T02:57:51.547305+00:00 [queued]>
[2026-07-22T03:03:30.137+0000] {taskinstance.py:2073} INFO - Dependencies all met for dep_context=requeueable deps ti=<TaskInstance: nyc_taxi_pipeline.spark_silver_to_gold manual__2026-07-22T02:57:51.547305+00:00 [queued]>
[2026-07-22T03:03:30.138+0000] {taskinstance.py:2303} INFO - Starting attempt 1 of 2
[2026-07-22T03:03:30.165+0000] {taskinstance.py:2327} INFO - Executing <Task(BashOperator): spark_silver_to_gold> on 2026-07-22 02:57:51.547305+00:00
[2026-07-22T03:03:30.179+0000] {standard_task_runner.py:90} INFO - Running: ['airflow', 'tasks', 'run', 'nyc_taxi_pipeline', 'spark_silver_to_gold', 'manual__2026-07-22T02:57:51.547305+00:00', '--job-id', '4', '--raw', '--subdir', 'DAGS_FOLDER/nyc_taxi_pipeline.py', '--cfg-path', '/tmp/tmplxc5l5ml']
[2026-07-22T03:03:30.184+0000] {standard_task_runner.py:91} INFO - Job 4: Subtask spark_silver_to_gold
[2026-07-22T03:03:30.185+0000] {logging_mixin.py:188} WARNING - /home/airflow/.local/lib/python3.12/site-packages/airflow/task/task_runner/standard_task_runner.py:61 DeprecationWarning: This process (pid=815) is multi-threaded, use of fork() may lead to deadlocks in the child.
[2026-07-22T03:03:30.187+0000] {standard_task_runner.py:63} INFO - Started process 816 to run task
[2026-07-22T03:03:30.396+0000] {task_command.py:426} INFO - Running <TaskInstance: nyc_taxi_pipeline.spark_silver_to_gold manual__2026-07-22T02:57:51.547305+00:00 [running]> on host bd3860642a9d
[2026-07-22T03:03:30.717+0000] {taskinstance.py:2644} INFO - Exporting env vars: AIRFLOW_CTX_DAG_OWNER='airflow' AIRFLOW_CTX_DAG_ID='nyc_taxi_pipeline' AIRFLOW_CTX_TASK_ID='spark_silver_to_gold' AIRFLOW_CTX_EXECUTION_DATE='2026-07-22T02:57:51.547305+00:00' AIRFLOW_CTX_TRY_NUMBER='1' AIRFLOW_CTX_DAG_RUN_ID='manual__2026-07-22T02:57:51.547305+00:00'
[2026-07-22T03:03:30.718+0000] {taskinstance.py:430} INFO - ::endgroup::
[2026-07-22T03:03:30.740+0000] {subprocess.py:63} INFO - Tmp dir root location: /tmp
[2026-07-22T03:03:30.742+0000] {subprocess.py:75} INFO - Running command: ['/usr/bin/bash', '-c', 'python /opt/airflow/spark/silver_to_gold.py']
[2026-07-22T03:03:30.755+0000] {subprocess.py:86} INFO - Output:
[2026-07-22T03:03:31.838+0000] {subprocess.py:93} INFO - /home/airflow/.local/lib/python3.12/site-packages/pyspark/bin/load-spark-env.sh: line 68: ps: command not found
[2026-07-22T03:03:33.686+0000] {subprocess.py:93} INFO - :: loading settings :: url = jar:file:/home/airflow/.local/lib/python3.12/site-packages/pyspark/jars/ivy-2.5.1.jar!/org/apache/ivy/core/settings/ivysettings.xml
[2026-07-22T03:03:33.802+0000] {subprocess.py:93} INFO - Ivy Default Cache set to: /home/airflow/.ivy2/cache
[2026-07-22T03:03:33.803+0000] {subprocess.py:93} INFO - The jars for the packages stored in: /home/airflow/.ivy2/jars
[2026-07-22T03:03:33.809+0000] {subprocess.py:93} INFO - org.postgresql#postgresql added as a dependency
[2026-07-22T03:03:33.810+0000] {subprocess.py:93} INFO - :: resolving dependencies :: org.apache.spark#spark-submit-parent-783b068d-12ef-483d-87dc-2194ba8802e5;1.0
[2026-07-22T03:03:33.812+0000] {subprocess.py:93} INFO - 	confs: [default]
[2026-07-22T03:03:34.554+0000] {subprocess.py:93} INFO - 	found org.postgresql#postgresql;42.7.3 in central
[2026-07-22T03:03:34.662+0000] {subprocess.py:93} INFO - 	found org.checkerframework#checker-qual;3.42.0 in central
[2026-07-22T03:03:34.714+0000] {subprocess.py:93} INFO - downloading https://repo1.maven.org/maven2/org/postgresql/postgresql/42.7.3/postgresql-42.7.3.jar ...
[2026-07-22T03:03:34.881+0000] {subprocess.py:93} INFO - 	[SUCCESSFUL ] org.postgresql#postgresql;42.7.3!postgresql.jar (207ms)
[2026-07-22T03:03:34.920+0000] {subprocess.py:93} INFO - downloading https://repo1.maven.org/maven2/org/checkerframework/checker-qual/3.42.0/checker-qual-3.42.0.jar ...
[2026-07-22T03:03:34.970+0000] {subprocess.py:93} INFO - 	[SUCCESSFUL ] org.checkerframework#checker-qual;3.42.0!checker-qual.jar (86ms)
[2026-07-22T03:03:34.972+0000] {subprocess.py:93} INFO - :: resolution report :: resolve 862ms :: artifacts dl 299ms
[2026-07-22T03:03:34.973+0000] {subprocess.py:93} INFO - 	:: modules in use:
[2026-07-22T03:03:34.974+0000] {subprocess.py:93} INFO - 	org.checkerframework#checker-qual;3.42.0 from central in [default]
[2026-07-22T03:03:34.976+0000] {subprocess.py:93} INFO - 	org.postgresql#postgresql;42.7.3 from central in [default]
[2026-07-22T03:03:34.977+0000] {subprocess.py:93} INFO - 	---------------------------------------------------------------------
[2026-07-22T03:03:34.978+0000] {subprocess.py:93} INFO - 	|                  |            modules            ||   artifacts   |
[2026-07-22T03:03:34.979+0000] {subprocess.py:93} INFO - 	|       conf       | number| search|dwnlded|evicted|| number|dwnlded|
[2026-07-22T03:03:34.980+0000] {subprocess.py:93} INFO - 	---------------------------------------------------------------------
[2026-07-22T03:03:34.982+0000] {subprocess.py:93} INFO - 	|      default     |   2   |   2   |   2   |   0   ||   2   |   2   |
[2026-07-22T03:03:34.983+0000] {subprocess.py:93} INFO - 	---------------------------------------------------------------------
[2026-07-22T03:03:34.984+0000] {subprocess.py:93} INFO - :: retrieving :: org.apache.spark#spark-submit-parent-783b068d-12ef-483d-87dc-2194ba8802e5
[2026-07-22T03:03:34.985+0000] {subprocess.py:93} INFO - 	confs: [default]
[2026-07-22T03:03:34.993+0000] {subprocess.py:93} INFO - 	2 artifacts copied, 0 already retrieved (1289kB/15ms)
[2026-07-22T03:03:35.458+0000] {subprocess.py:93} INFO - 26/07/22 03:03:35 WARN NativeCodeLoader: Unable to load native-hadoop library for your platform... using builtin-java classes where applicable
[2026-07-22T03:03:35.705+0000] {subprocess.py:93} INFO - Setting default log level to "WARN".
[2026-07-22T03:03:35.706+0000] {subprocess.py:93} INFO - To adjust logging level use sc.setLogLevel(newLevel). For SparkR, use setLogLevel(newLevel).
[2026-07-22T03:03:35.848+0000] {subprocess.py:93} INFO - 26/07/22 03:03:35 WARN SparkConf: Note that spark.local.dir will be overridden by the value set by the cluster manager (via SPARK_LOCAL_DIRS in mesos/standalone/kubernetes and LOCAL_DIRS in YARN).
[2026-07-22T03:03:50.172+0000] {subprocess.py:93} INFO - [Stage 1:===================>                                      (5 + 8) / 15][Stage 1:==============================>                           (8 + 7) / 15][Stage 1:=================================================>       (13 + 2) / 15]                                                                                26/07/22 03:03:50 WARN SparkStringUtils: Truncated the string representation of a plan since it was too large. This behavior can be adjusted by setting 'spark.sql.debug.maxToStringFields'.
[2026-07-22T03:07:21.249+0000] {local_task_job_runner.py:124} ERROR - Received SIGTERM. Terminating subprocesses
[2026-07-22T03:07:21.330+0000] {process_utils.py:132} INFO - Sending 15 to group 816. PIDs of all processes in the group: [817, 825, 816]
[2026-07-22T03:07:21.336+0000] {process_utils.py:87} INFO - Sending the signal 15 to group 816
[2026-07-22T03:07:21.338+0000] {taskinstance.py:2607} ERROR - Received SIGTERM. Terminating subprocesses.
[2026-07-22T03:07:21.340+0000] {subprocess.py:104} INFO - Sending SIGTERM signal to process group
[2026-07-22T03:07:21.385+0000] {taskinstance.py:441} INFO - ::group::Post task execution logs
[2026-07-22T03:07:21.587+0000] {taskinstance.py:2890} ERROR - Task failed with exception
Traceback (most recent call last):
  File "/home/airflow/.local/lib/python3.12/site-packages/airflow/models/taskinstance.py", line 465, in _execute_task
    result = _execute_callable(context=context, **execute_callable_kwargs)
             ^^^^^^^^^^^^^^^^^^^^^^^^^^^^^^^^^^^^^^^^^^^^^^^^^^^^^^^^^^^^^
  File "/home/airflow/.local/lib/python3.12/site-packages/airflow/models/taskinstance.py", line 432, in _execute_callable
    return execute_callable(context=context, **execute_callable_kwargs)
           ^^^^^^^^^^^^^^^^^^^^^^^^^^^^^^^^^^^^^^^^^^^^^^^^^^^^^^^^^^^^
  File "/home/airflow/.local/lib/python3.12/site-packages/airflow/models/baseoperator.py", line 400, in wrapper
    return func(self, *args, **kwargs)
           ^^^^^^^^^^^^^^^^^^^^^^^^^^^
  File "/home/airflow/.local/lib/python3.12/site-packages/airflow/operators/bash.py", line 234, in execute
    result = self.subprocess_hook.run_command(
             ^^^^^^^^^^^^^^^^^^^^^^^^^^^^^^^^^
  File "/home/airflow/.local/lib/python3.12/site-packages/airflow/hooks/subprocess.py", line 91, in run_command
    for raw_line in iter(self.sub_process.stdout.readline, b""):
  File "/home/airflow/.local/lib/python3.12/site-packages/airflow/models/taskinstance.py", line 2609, in signal_handler
    raise AirflowTaskTerminated("Task received SIGTERM signal")
airflow.exceptions.AirflowTaskTerminated: Task received SIGTERM signal
[2026-07-22T03:07:21.703+0000] {taskinstance.py:1205} INFO - Marking task as UP_FOR_RETRY. dag_id=nyc_taxi_pipeline, task_id=spark_silver_to_gold, execution_date=20260722T025751, start_date=20260722T030330, end_date=20260722T030721
[2026-07-22T03:07:21.933+0000] {process_utils.py:80} INFO - Process psutil.Process(pid=817, status='terminated', started='03:03:30') (817) terminated with exit code None
[2026-07-22T03:07:22.274+0000] {process_utils.py:80} INFO - Process psutil.Process(pid=816, status='terminated', exitcode=2, started='03:03:30') (816) terminated with exit code 2
[2026-07-22T03:07:23.933+0000] {process_utils.py:80} INFO - Process psutil.Process(pid=825, status='terminated', started='03:03:31') (825) terminated with exit code None
[2026-07-22T03:07:23.934+0000] {local_task_job_runner.py:240} INFO - Task exited with return code 143
[2026-07-22T03:07:24.137+0000] {taskinstance.py:3482} INFO - 0 downstream tasks scheduled from follow-on schedule check
[2026-07-22T03:07:24.231+0000] {local_task_job_runner.py:222} INFO - ::endgroup::
