[2026-07-22T02:57:53.736+0000] {local_task_job_runner.py:120} INFO - ::group::Pre task execution logs
[2026-07-22T02:57:53.838+0000] {taskinstance.py:2073} INFO - Dependencies all met for dep_context=non-requeueable deps ti=<TaskInstance: nyc_taxi_pipeline.download_data_bronze manual__2026-07-22T02:57:51.547305+00:00 [queued]>
[2026-07-22T02:57:53.856+0000] {taskinstance.py:2073} INFO - Dependencies all met for dep_context=requeueable deps ti=<TaskInstance: nyc_taxi_pipeline.download_data_bronze manual__2026-07-22T02:57:51.547305+00:00 [queued]>
[2026-07-22T02:57:53.857+0000] {taskinstance.py:2303} INFO - Starting attempt 1 of 2
[2026-07-22T02:57:53.880+0000] {taskinstance.py:2327} INFO - Executing <Task(BashOperator): download_data_bronze> on 2026-07-22 02:57:51.547305+00:00
[2026-07-22T02:57:53.891+0000] {standard_task_runner.py:90} INFO - Running: ['airflow', 'tasks', 'run', 'nyc_taxi_pipeline', 'download_data_bronze', 'manual__2026-07-22T02:57:51.547305+00:00', '--job-id', '2', '--raw', '--subdir', 'DAGS_FOLDER/nyc_taxi_pipeline.py', '--cfg-path', '/tmp/tmpim61y2cv']
[2026-07-22T02:57:53.896+0000] {logging_mixin.py:188} WARNING - /home/airflow/.local/lib/python3.12/site-packages/airflow/task/task_runner/standard_task_runner.py:61 DeprecationWarning: This process (pid=209) is multi-threaded, use of fork() may lead to deadlocks in the child.
[2026-07-22T02:57:53.897+0000] {standard_task_runner.py:91} INFO - Job 2: Subtask download_data_bronze
[2026-07-22T02:57:53.898+0000] {standard_task_runner.py:63} INFO - Started process 210 to run task
[2026-07-22T02:57:54.217+0000] {task_command.py:426} INFO - Running <TaskInstance: nyc_taxi_pipeline.download_data_bronze manual__2026-07-22T02:57:51.547305+00:00 [running]> on host bd3860642a9d
[2026-07-22T02:57:54.682+0000] {taskinstance.py:2644} INFO - Exporting env vars: AIRFLOW_CTX_DAG_OWNER='airflow' AIRFLOW_CTX_DAG_ID='nyc_taxi_pipeline' AIRFLOW_CTX_TASK_ID='download_data_bronze' AIRFLOW_CTX_EXECUTION_DATE='2026-07-22T02:57:51.547305+00:00' AIRFLOW_CTX_TRY_NUMBER='1' AIRFLOW_CTX_DAG_RUN_ID='manual__2026-07-22T02:57:51.547305+00:00'
[2026-07-22T02:57:54.684+0000] {taskinstance.py:430} INFO - ::endgroup::
[2026-07-22T02:57:54.749+0000] {subprocess.py:63} INFO - Tmp dir root location: /tmp
[2026-07-22T02:57:54.750+0000] {subprocess.py:75} INFO - Running command: ['/usr/bin/bash', '-c', 'python /opt/airflow/ingestion/download_data.py']
[2026-07-22T02:57:54.761+0000] {subprocess.py:86} INFO - Output:
[2026-07-22T02:59:28.538+0000] {subprocess.py:93} INFO - Downloading yellow_tripdata_2024-01.parquet...
[2026-07-22T02:59:28.540+0000] {subprocess.py:93} INFO -   Saved to data/bronze/year=2024/month=01/yellow_tripdata_2024-01.parquet
[2026-07-22T02:59:28.541+0000] {subprocess.py:93} INFO - Downloading yellow_tripdata_2024-02.parquet...
[2026-07-22T02:59:28.542+0000] {subprocess.py:93} INFO -   Saved to data/bronze/year=2024/month=02/yellow_tripdata_2024-02.parquet
[2026-07-22T02:59:28.543+0000] {subprocess.py:93} INFO - Downloading yellow_tripdata_2024-03.parquet...
[2026-07-22T02:59:28.545+0000] {subprocess.py:93} INFO -   Saved to data/bronze/year=2024/month=03/yellow_tripdata_2024-03.parquet
[2026-07-22T02:59:28.546+0000] {subprocess.py:93} INFO - Downloading yellow_tripdata_2024-04.parquet...
[2026-07-22T02:59:28.547+0000] {subprocess.py:93} INFO -   Saved to data/bronze/year=2024/month=04/yellow_tripdata_2024-04.parquet
[2026-07-22T02:59:28.548+0000] {subprocess.py:93} INFO - Downloading yellow_tripdata_2024-05.parquet...
[2026-07-22T02:59:28.549+0000] {subprocess.py:93} INFO -   Saved to data/bronze/year=2024/month=05/yellow_tripdata_2024-05.parquet
[2026-07-22T02:59:28.550+0000] {subprocess.py:93} INFO - Downloading yellow_tripdata_2024-06.parquet...
[2026-07-22T02:59:28.551+0000] {subprocess.py:93} INFO -   Saved to data/bronze/year=2024/month=06/yellow_tripdata_2024-06.parquet
[2026-07-22T02:59:28.552+0000] {subprocess.py:93} INFO - Downloading yellow_tripdata_2024-07.parquet...
[2026-07-22T02:59:28.553+0000] {subprocess.py:93} INFO -   Saved to data/bronze/year=2024/month=07/yellow_tripdata_2024-07.parquet
[2026-07-22T02:59:28.555+0000] {subprocess.py:93} INFO - Downloading yellow_tripdata_2024-08.parquet...
[2026-07-22T02:59:28.556+0000] {subprocess.py:93} INFO -   Saved to data/bronze/year=2024/month=08/yellow_tripdata_2024-08.parquet
[2026-07-22T02:59:28.557+0000] {subprocess.py:93} INFO - Downloading yellow_tripdata_2024-09.parquet...
[2026-07-22T02:59:28.558+0000] {subprocess.py:93} INFO -   Saved to data/bronze/year=2024/month=09/yellow_tripdata_2024-09.parquet
[2026-07-22T02:59:28.559+0000] {subprocess.py:93} INFO - Downloading yellow_tripdata_2024-10.parquet...
[2026-07-22T02:59:28.560+0000] {subprocess.py:93} INFO -   Saved to data/bronze/year=2024/month=10/yellow_tripdata_2024-10.parquet
[2026-07-22T02:59:28.561+0000] {subprocess.py:93} INFO - Downloading yellow_tripdata_2024-11.parquet...
[2026-07-22T02:59:28.562+0000] {subprocess.py:93} INFO -   Saved to data/bronze/year=2024/month=11/yellow_tripdata_2024-11.parquet
[2026-07-22T02:59:28.563+0000] {subprocess.py:93} INFO - Downloading yellow_tripdata_2024-12.parquet...
[2026-07-22T02:59:28.564+0000] {subprocess.py:93} INFO -   Saved to data/bronze/year=2024/month=12/yellow_tripdata_2024-12.parquet
[2026-07-22T02:59:28.565+0000] {subprocess.py:93} INFO - Downloading yellow_tripdata_2025-01.parquet...
[2026-07-22T02:59:28.566+0000] {subprocess.py:93} INFO -   Saved to data/bronze/year=2025/month=01/yellow_tripdata_2025-01.parquet
[2026-07-22T02:59:28.567+0000] {subprocess.py:93} INFO - Downloading yellow_tripdata_2025-02.parquet...
[2026-07-22T02:59:28.568+0000] {subprocess.py:93} INFO -   Saved to data/bronze/year=2025/month=02/yellow_tripdata_2025-02.parquet
[2026-07-22T02:59:28.569+0000] {subprocess.py:93} INFO - Downloading yellow_tripdata_2025-03.parquet...
[2026-07-22T02:59:28.570+0000] {subprocess.py:93} INFO -   Saved to data/bronze/year=2025/month=03/yellow_tripdata_2025-03.parquet
[2026-07-22T02:59:28.571+0000] {subprocess.py:93} INFO - Downloading yellow_tripdata_2025-04.parquet...
[2026-07-22T02:59:28.572+0000] {subprocess.py:93} INFO -   Saved to data/bronze/year=2025/month=04/yellow_tripdata_2025-04.parquet
[2026-07-22T02:59:28.573+0000] {subprocess.py:93} INFO - Downloading yellow_tripdata_2025-05.parquet...
[2026-07-22T02:59:28.574+0000] {subprocess.py:93} INFO -   Saved to data/bronze/year=2025/month=05/yellow_tripdata_2025-05.parquet
[2026-07-22T02:59:28.575+0000] {subprocess.py:93} INFO - Downloading yellow_tripdata_2025-06.parquet...
[2026-07-22T02:59:28.576+0000] {subprocess.py:93} INFO -   Saved to data/bronze/year=2025/month=06/yellow_tripdata_2025-06.parquet
[2026-07-22T02:59:28.577+0000] {subprocess.py:93} INFO - Downloading yellow_tripdata_2025-07.parquet...
[2026-07-22T02:59:28.578+0000] {subprocess.py:93} INFO -   Saved to data/bronze/year=2025/month=07/yellow_tripdata_2025-07.parquet
[2026-07-22T02:59:28.579+0000] {subprocess.py:93} INFO - Downloading yellow_tripdata_2025-08.parquet...
[2026-07-22T02:59:28.579+0000] {subprocess.py:93} INFO -   Saved to data/bronze/year=2025/month=08/yellow_tripdata_2025-08.parquet
[2026-07-22T02:59:28.580+0000] {subprocess.py:93} INFO - Downloading yellow_tripdata_2025-09.parquet...
[2026-07-22T02:59:28.581+0000] {subprocess.py:93} INFO -   Saved to data/bronze/year=2025/month=09/yellow_tripdata_2025-09.parquet
[2026-07-22T02:59:28.582+0000] {subprocess.py:93} INFO - Downloading yellow_tripdata_2025-10.parquet...
[2026-07-22T02:59:28.583+0000] {subprocess.py:93} INFO -   Saved to data/bronze/year=2025/month=10/yellow_tripdata_2025-10.parquet
[2026-07-22T02:59:28.585+0000] {subprocess.py:93} INFO - Downloading yellow_tripdata_2025-11.parquet...
[2026-07-22T02:59:28.586+0000] {subprocess.py:93} INFO -   Saved to data/bronze/year=2025/month=11/yellow_tripdata_2025-11.parquet
[2026-07-22T02:59:28.587+0000] {subprocess.py:93} INFO - Downloading yellow_tripdata_2025-12.parquet...
[2026-07-22T02:59:28.588+0000] {subprocess.py:93} INFO -   Saved to data/bronze/year=2025/month=12/yellow_tripdata_2025-12.parquet
[2026-07-22T02:59:28.589+0000] {subprocess.py:97} INFO - Command exited with return code 0
[2026-07-22T02:59:28.653+0000] {taskinstance.py:441} INFO - ::group::Post task execution logs
[2026-07-22T02:59:29.018+0000] {taskinstance.py:1205} INFO - Marking task as SUCCESS. dag_id=nyc_taxi_pipeline, task_id=download_data_bronze, execution_date=20260722T025751, start_date=20260722T025753, end_date=20260722T025929
[2026-07-22T02:59:29.083+0000] {local_task_job_runner.py:240} INFO - Task exited with return code 0
[2026-07-22T02:59:29.167+0000] {taskinstance.py:3482} INFO - 1 downstream tasks scheduled from follow-on schedule check
[2026-07-22T02:59:29.171+0000] {local_task_job_runner.py:222} INFO - ::endgroup::
