[2026-07-22T04:10:40.581+0000] {local_task_job_runner.py:120} INFO - ::group::Pre task execution logs
[2026-07-22T04:10:40.798+0000] {taskinstance.py:2073} INFO - Dependencies all met for dep_context=non-requeueable deps ti=<TaskInstance: nyc_taxi_pipeline.dbt_transform_marts manual__2026-07-22T02:57:51.547305+00:00 [queued]>
[2026-07-22T04:10:40.815+0000] {taskinstance.py:2073} INFO - Dependencies all met for dep_context=requeueable deps ti=<TaskInstance: nyc_taxi_pipeline.dbt_transform_marts manual__2026-07-22T02:57:51.547305+00:00 [queued]>
[2026-07-22T04:10:40.816+0000] {taskinstance.py:2303} INFO - Starting attempt 4 of 4
[2026-07-22T04:10:40.932+0000] {taskinstance.py:2327} INFO - Executing <Task(BashOperator): dbt_transform_marts> on 2026-07-22 02:57:51.547305+00:00
[2026-07-22T04:10:40.947+0000] {standard_task_runner.py:90} INFO - Running: ['airflow', 'tasks', 'run', 'nyc_taxi_pipeline', 'dbt_transform_marts', 'manual__2026-07-22T02:57:51.547305+00:00', '--job-id', '10', '--raw', '--subdir', 'DAGS_FOLDER/nyc_taxi_pipeline.py', '--cfg-path', '/tmp/tmpznl54iub']
[2026-07-22T04:10:40.956+0000] {standard_task_runner.py:91} INFO - Job 10: Subtask dbt_transform_marts
[2026-07-22T04:10:40.959+0000] {logging_mixin.py:188} WARNING - /home/airflow/.local/lib/python3.12/site-packages/airflow/task/task_runner/standard_task_runner.py:61 DeprecationWarning: This process (pid=1395) is multi-threaded, use of fork() may lead to deadlocks in the child.
[2026-07-22T04:10:40.961+0000] {standard_task_runner.py:63} INFO - Started process 1396 to run task
[2026-07-22T04:10:41.410+0000] {task_command.py:426} INFO - Running <TaskInstance: nyc_taxi_pipeline.dbt_transform_marts manual__2026-07-22T02:57:51.547305+00:00 [running]> on host 498e331a002a
[2026-07-22T04:10:42.169+0000] {taskinstance.py:2644} INFO - Exporting env vars: AIRFLOW_CTX_DAG_OWNER='airflow' AIRFLOW_CTX_DAG_ID='nyc_taxi_pipeline' AIRFLOW_CTX_TASK_ID='dbt_transform_marts' AIRFLOW_CTX_EXECUTION_DATE='2026-07-22T02:57:51.547305+00:00' AIRFLOW_CTX_TRY_NUMBER='4' AIRFLOW_CTX_DAG_RUN_ID='manual__2026-07-22T02:57:51.547305+00:00'
[2026-07-22T04:10:42.171+0000] {taskinstance.py:430} INFO - ::endgroup::
[2026-07-22T04:10:42.196+0000] {subprocess.py:63} INFO - Tmp dir root location: /tmp
[2026-07-22T04:10:42.201+0000] {subprocess.py:75} INFO - Running command: ['/usr/bin/bash', '-c', 'cd /opt/airflow/dbt && dbt run --profiles-dir .']
[2026-07-22T04:10:42.219+0000] {subprocess.py:86} INFO - Output:
[2026-07-22T04:10:42.252+0000] {subprocess.py:93} INFO -   dbt-core 2.0.0-alpha.5
[2026-07-22T04:10:42.256+0000] {subprocess.py:93} INFO -    Loading profiles.yml
[2026-07-22T04:10:43.607+0000] {subprocess.py:93} INFO - 
[2026-07-22T04:10:43.611+0000] {subprocess.py:93} INFO - =================== Errors and Warnings ====================
[2026-07-22T04:10:43.619+0000] {subprocess.py:93} INFO - [error] [InvalidConfig (dbt1005)]: Failed to parse profiles.yml: password: invalid type: integer `***`, expected a string at line 1 column 1
[2026-07-22T04:10:43.623+0000] {subprocess.py:93} INFO - 
[2026-07-22T04:10:43.625+0000] {subprocess.py:93} INFO - ==================== Execution Summary =====================
[2026-07-22T04:10:43.627+0000] {subprocess.py:93} INFO - Finished 'run' with 1 error [1.4s]
[2026-07-22T04:10:43.630+0000] {subprocess.py:97} INFO - Command exited with return code 1
[2026-07-22T04:10:43.633+0000] {taskinstance.py:441} INFO - ::group::Post task execution logs
[2026-07-22T04:10:43.718+0000] {taskinstance.py:2890} ERROR - Task failed with exception
Traceback (most recent call last):
  File "/home/airflow/.local/lib/python3.12/site-packages/airflow/models/taskinstance.py", line 465, in _execute_task
    result = _execute_callable(context=context, **execute_callable_kwargs)
             ^^^^^^^^^^^^^^^^^^^^^^^^^^^^^^^^^^^^^^^^^^^^^^^^^^^^^^^^^^^^^
  File "/home/airflow/.local/lib/python3.12/site-packages/airflow/models/taskinstance.py", line 432, in _execute_callable
    return execute_callable(context=context, **execute_callable_kwargs)
           ^^^^^^^^^^^^^^^^^^^^^^^^^^^^^^^^^^^^^^^^^^^^^^^^^^^^^^^^^^^^
  File "/home/airflow/.local/lib/python3.12/site-packages/airflow/models/baseoperator.py", line 400, in wrapper
    return func(self, *args, **kwargs)
           ^^^^^^^^^^^^^^^^^^^^^^^^^^^
  File "/home/airflow/.local/lib/python3.12/site-packages/airflow/operators/bash.py", line 243, in execute
    raise AirflowException(
airflow.exceptions.AirflowException: Bash command failed. The command returned a non-zero exit code 1.
[2026-07-22T04:10:43.725+0000] {taskinstance.py:1205} INFO - Marking task as FAILED. dag_id=nyc_taxi_pipeline, task_id=dbt_transform_marts, execution_date=20260722T025751, start_date=20260722T041040, end_date=20260722T041043
[2026-07-22T04:10:44.102+0000] {standard_task_runner.py:110} ERROR - Failed to execute job 10 for task dbt_transform_marts (Bash command failed. The command returned a non-zero exit code 1.; 1396)
[2026-07-22T04:10:44.124+0000] {local_task_job_runner.py:240} INFO - Task exited with return code 1
[2026-07-22T04:10:44.214+0000] {taskinstance.py:3482} INFO - 0 downstream tasks scheduled from follow-on schedule check
[2026-07-22T04:10:44.901+0000] {local_task_job_runner.py:222} INFO - ::endgroup::
