[2026-07-22T03:49:48.744+0000] {local_task_job_runner.py:120} INFO - ::group::Pre task execution logs
[2026-07-22T03:49:48.934+0000] {taskinstance.py:2073} INFO - Dependencies all met for dep_context=non-requeueable deps ti=<TaskInstance: nyc_taxi_pipeline.dbt_transform_marts manual__2026-07-22T02:57:51.547305+00:00 [queued]>
[2026-07-22T03:49:48.962+0000] {taskinstance.py:2073} INFO - Dependencies all met for dep_context=requeueable deps ti=<TaskInstance: nyc_taxi_pipeline.dbt_transform_marts manual__2026-07-22T02:57:51.547305+00:00 [queued]>
[2026-07-22T03:49:48.964+0000] {taskinstance.py:2303} INFO - Starting attempt 1 of 2
[2026-07-22T03:49:49.011+0000] {taskinstance.py:2327} INFO - Executing <Task(BashOperator): dbt_transform_marts> on 2026-07-22 02:57:51.547305+00:00
[2026-07-22T03:49:49.025+0000] {standard_task_runner.py:90} INFO - Running: ['airflow', 'tasks', 'run', 'nyc_taxi_pipeline', 'dbt_transform_marts', 'manual__2026-07-22T02:57:51.547305+00:00', '--job-id', '7', '--raw', '--subdir', 'DAGS_FOLDER/nyc_taxi_pipeline.py', '--cfg-path', '/tmp/tmpswmu0k3v']
[2026-07-22T03:49:49.028+0000] {standard_task_runner.py:91} INFO - Job 7: Subtask dbt_transform_marts
[2026-07-22T03:49:49.028+0000] {logging_mixin.py:188} WARNING - /home/airflow/.local/lib/python3.12/site-packages/airflow/task/task_runner/standard_task_runner.py:61 DeprecationWarning: This process (pid=1145) is multi-threaded, use of fork() may lead to deadlocks in the child.
[2026-07-22T03:49:49.031+0000] {standard_task_runner.py:63} INFO - Started process 1146 to run task
[2026-07-22T03:49:49.286+0000] {task_command.py:426} INFO - Running <TaskInstance: nyc_taxi_pipeline.dbt_transform_marts manual__2026-07-22T02:57:51.547305+00:00 [running]> on host 498e331a002a
[2026-07-22T03:49:49.868+0000] {taskinstance.py:2644} INFO - Exporting env vars: AIRFLOW_CTX_DAG_OWNER='airflow' AIRFLOW_CTX_DAG_ID='nyc_taxi_pipeline' AIRFLOW_CTX_TASK_ID='dbt_transform_marts' AIRFLOW_CTX_EXECUTION_DATE='2026-07-22T02:57:51.547305+00:00' AIRFLOW_CTX_TRY_NUMBER='1' AIRFLOW_CTX_DAG_RUN_ID='manual__2026-07-22T02:57:51.547305+00:00'
[2026-07-22T03:49:49.870+0000] {taskinstance.py:430} INFO - ::endgroup::
[2026-07-22T03:49:49.904+0000] {subprocess.py:63} INFO - Tmp dir root location: /tmp
[2026-07-22T03:49:49.907+0000] {subprocess.py:75} INFO - Running command: ['/usr/bin/bash', '-c', 'cd /opt/airflow/dbt && dbt run --profiles-dir .']
[2026-07-22T03:49:49.926+0000] {subprocess.py:86} INFO - Output:
[2026-07-22T03:49:50.097+0000] {subprocess.py:93} INFO -   dbt-core 2.0.0-alpha.5
[2026-07-22T03:49:50.123+0000] {subprocess.py:93} INFO -    Loading profiles.yml
[2026-07-22T03:49:51.547+0000] {subprocess.py:93} INFO - 
[2026-07-22T03:49:51.548+0000] {subprocess.py:93} INFO - =================== Errors and Warnings ====================
[2026-07-22T03:49:51.549+0000] {subprocess.py:93} INFO - [error] [SerializationError (dbt1013)]: YAML error: did not find expected ',' or '}' at line 7 column 41, while parsing a flow mapping at line 7 column 14
[2026-07-22T03:49:51.551+0000] {subprocess.py:93} INFO -   --> ./profiles.yml:7:41
[2026-07-22T03:49:51.553+0000] {subprocess.py:93} INFO - 
[2026-07-22T03:49:51.554+0000] {subprocess.py:93} INFO - ==================== Execution Summary =====================
[2026-07-22T03:49:51.555+0000] {subprocess.py:93} INFO - Finished 'run' with 1 error [1.4s]
[2026-07-22T03:49:51.562+0000] {subprocess.py:97} INFO - Command exited with return code 1
[2026-07-22T03:49:51.564+0000] {taskinstance.py:441} INFO - ::group::Post task execution logs
[2026-07-22T03:49:51.629+0000] {taskinstance.py:2890} ERROR - Task failed with exception
Traceback (most recent call last):
  File "/home/airflow/.local/lib/python3.12/site-packages/airflow/models/taskinstance.py", line 465, in _execute_task
    result = _execute_callable(context=context, **execute_callable_kwargs)
             ^^^^^^^^^^^^^^^^^^^^^^^^^^^^^^^^^^^^^^^^^^^^^^^^^^^^^^^^^^^^^
  File "/home/airflow/.local/lib/python3.12/site-packages/airflow/models/taskinstance.py", line 432, in _execute_callable
    return execute_callable(context=context, **execute_callable_kwargs)
           ^^^^^^^^^^^^^^^^^^^^^^^^^^^^^^^^^^^^^^^^^^^^^^^^^^^^^^^^^^^^
  File "/home/airflow/.local/lib/python3.12/site-packages/airflow/models/baseoperator.py", line 400, in wrapper
    return func(self, *args, **kwargs)
           ^^^^^^^^^^^^^^^^^^^^^^^^^^^
  File "/home/airflow/.local/lib/python3.12/site-packages/airflow/operators/bash.py", line 243, in execute
    raise AirflowException(
airflow.exceptions.AirflowException: Bash command failed. The command returned a non-zero exit code 1.
[2026-07-22T03:49:51.638+0000] {taskinstance.py:1205} INFO - Marking task as UP_FOR_RETRY. dag_id=nyc_taxi_pipeline, task_id=dbt_transform_marts, execution_date=20260722T025751, start_date=20260722T034948, end_date=20260722T034951
[2026-07-22T03:49:51.685+0000] {standard_task_runner.py:110} ERROR - Failed to execute job 7 for task dbt_transform_marts (Bash command failed. The command returned a non-zero exit code 1.; 1146)
[2026-07-22T03:49:51.702+0000] {local_task_job_runner.py:240} INFO - Task exited with return code 1
[2026-07-22T03:49:51.781+0000] {taskinstance.py:3482} INFO - 0 downstream tasks scheduled from follow-on schedule check
[2026-07-22T03:49:51.791+0000] {local_task_job_runner.py:222} INFO - ::endgroup::
