[2026-07-22T04:13:17.760+0000] {local_task_job_runner.py:120} INFO - ::group::Pre task execution logs
[2026-07-22T04:13:17.859+0000] {taskinstance.py:2073} INFO - Dependencies all met for dep_context=non-requeueable deps ti=<TaskInstance: nyc_taxi_pipeline.dbt_transform_marts manual__2026-07-22T02:57:51.547305+00:00 [queued]>
[2026-07-22T04:13:17.889+0000] {taskinstance.py:2073} INFO - Dependencies all met for dep_context=requeueable deps ti=<TaskInstance: nyc_taxi_pipeline.dbt_transform_marts manual__2026-07-22T02:57:51.547305+00:00 [queued]>
[2026-07-22T04:13:17.890+0000] {taskinstance.py:2303} INFO - Starting attempt 5 of 6
[2026-07-22T04:13:17.966+0000] {taskinstance.py:2327} INFO - Executing <Task(BashOperator): dbt_transform_marts> on 2026-07-22 02:57:51.547305+00:00
[2026-07-22T04:13:17.983+0000] {standard_task_runner.py:90} INFO - Running: ['airflow', 'tasks', 'run', 'nyc_taxi_pipeline', 'dbt_transform_marts', 'manual__2026-07-22T02:57:51.547305+00:00', '--job-id', '12', '--raw', '--subdir', 'DAGS_FOLDER/nyc_taxi_pipeline.py', '--cfg-path', '/tmp/tmpsy3d6ufr']
[2026-07-22T04:13:17.989+0000] {standard_task_runner.py:91} INFO - Job 12: Subtask dbt_transform_marts
[2026-07-22T04:13:17.990+0000] {logging_mixin.py:188} WARNING - /home/airflow/.local/lib/python3.12/site-packages/airflow/task/task_runner/standard_task_runner.py:61 DeprecationWarning: This process (pid=184) is multi-threaded, use of fork() may lead to deadlocks in the child.
[2026-07-22T04:13:17.992+0000] {standard_task_runner.py:63} INFO - Started process 185 to run task
[2026-07-22T04:13:18.291+0000] {task_command.py:426} INFO - Running <TaskInstance: nyc_taxi_pipeline.dbt_transform_marts manual__2026-07-22T02:57:51.547305+00:00 [running]> on host 2413767a715e
[2026-07-22T04:13:18.692+0000] {taskinstance.py:2644} INFO - Exporting env vars: AIRFLOW_CTX_DAG_OWNER='airflow' AIRFLOW_CTX_DAG_ID='nyc_taxi_pipeline' AIRFLOW_CTX_TASK_ID='dbt_transform_marts' AIRFLOW_CTX_EXECUTION_DATE='2026-07-22T02:57:51.547305+00:00' AIRFLOW_CTX_TRY_NUMBER='5' AIRFLOW_CTX_DAG_RUN_ID='manual__2026-07-22T02:57:51.547305+00:00'
[2026-07-22T04:13:18.694+0000] {taskinstance.py:430} INFO - ::endgroup::
[2026-07-22T04:13:18.747+0000] {subprocess.py:63} INFO - Tmp dir root location: /tmp
[2026-07-22T04:13:18.749+0000] {subprocess.py:75} INFO - Running command: ['/usr/bin/bash', '-c', 'cd /opt/airflow/dbt && dbt run --profiles-dir .']
[2026-07-22T04:13:18.763+0000] {subprocess.py:86} INFO - Output:
[2026-07-22T04:13:22.800+0000] {subprocess.py:93} INFO - [0m04:13:22  Running with dbt=1.12.0
[2026-07-22T04:13:23.247+0000] {subprocess.py:93} INFO - [0m04:13:23  Registered adapter: postgres=1.8.0
[2026-07-22T04:13:24.250+0000] {subprocess.py:93} INFO - [0m04:13:24  Found 8 models, 1 seed, 1 source, 474 macros
[2026-07-22T04:13:24.267+0000] {subprocess.py:93} INFO - [0m04:13:24
[2026-07-22T04:13:24.270+0000] {subprocess.py:93} INFO - [0m04:13:24  Concurrency: 4 threads (target='dev')
[2026-07-22T04:13:24.273+0000] {subprocess.py:93} INFO - [0m04:13:24
[2026-07-22T04:13:27.076+0000] {subprocess.py:93} INFO - [0m04:13:27  1 of 8 START sql view model gold.stg_trips ..................................... [RUN]
[2026-07-22T04:13:27.079+0000] {subprocess.py:93} INFO - [0m04:13:27  2 of 8 START sql view model gold.stg_zones ..................................... [RUN]
[2026-07-22T04:13:27.711+0000] {subprocess.py:93} INFO - [0m04:13:27  2 of 8 OK created sql view model gold.stg_zones ................................ [[32mCREATE VIEW[0m in 0.62s]
[2026-07-22T04:13:27.719+0000] {subprocess.py:93} INFO - [0m04:13:27  3 of 8 START sql table model gold.dim_location ................................. [RUN]
[2026-07-22T04:13:28.041+0000] {subprocess.py:93} INFO - [0m04:13:28  3 of 8 OK created sql table model gold.dim_location ............................ [[32mSELECT 265[0m in 0.32s]
[2026-07-22T04:24:31.035+0000] {subprocess.py:93} INFO - [0m04:24:31  1 of 8 OK created sql view model gold.stg_trips ................................ [[32mCREATE VIEW[0m in 663.95s]
[2026-07-22T04:24:31.045+0000] {subprocess.py:93} INFO - [0m04:24:31  4 of 8 START sql table model gold.dim_time ..................................... [RUN]
[2026-07-22T04:24:31.049+0000] {subprocess.py:93} INFO - [0m04:24:31  5 of 8 START sql table model gold.fact_trips ................................... [RUN]
[2026-07-22T04:34:05.172+0000] {subprocess.py:93} INFO - [0m04:34:05  4 of 8 OK created sql table model gold.dim_time ................................ [[32mSELECT 37632330[0m in 574.12s]
[2026-07-22T04:40:08.331+0000] {subprocess.py:93} INFO - [0m04:40:08  5 of 8 OK created sql table model gold.fact_trips .............................. [[32mSELECT 71233312[0m in 937.27s]
[2026-07-22T04:40:08.347+0000] {subprocess.py:93} INFO - [0m04:40:08  6 of 8 START sql table model gold.mart_hourly_demand ........................... [RUN]
[2026-07-22T04:40:08.351+0000] {subprocess.py:93} INFO - [0m04:40:08  7 of 8 START sql table model gold.mart_monthly_trends .......................... [RUN]
[2026-07-22T04:40:08.353+0000] {subprocess.py:93} INFO - [0m04:40:08  8 of 8 START sql table model gold.mart_revenue_by_zone ......................... [RUN]
[2026-07-22T07:19:21.383+0000] {subprocess.py:93} INFO - [0m07:19:21  6 of 8 OK created sql table model gold.mart_hourly_demand ...................... [[32mSELECT 192[0m in 9553.02s]
[2026-07-22T07:19:21.385+0000] {subprocess.py:93} INFO - [0m07:19:21  8 of 8 OK created sql table model gold.mart_revenue_by_zone .................... [[32mSELECT 262[0m in 9553.02s]
[2026-07-22T07:19:51.558+0000] {subprocess.py:93} INFO - [0m07:19:51  7 of 8 OK created sql table model gold.mart_monthly_trends ..................... [[32mSELECT 24[0m in 9583.20s]
[2026-07-22T07:19:51.655+0000] {subprocess.py:93} INFO - [0m07:19:51
[2026-07-22T07:19:51.658+0000] {subprocess.py:93} INFO - [0m07:19:51  Finished running 6 table models, 2 view models in 3 hours 6 minutes and 27.38 seconds (11187.38s).
[2026-07-22T07:19:51.871+0000] {subprocess.py:93} INFO - [0m07:19:51
[2026-07-22T07:19:51.874+0000] {subprocess.py:93} INFO - [0m07:19:51  [32mCompleted successfully[0m
[2026-07-22T07:19:51.877+0000] {subprocess.py:93} INFO - [0m07:19:51
[2026-07-22T07:19:51.881+0000] {subprocess.py:93} INFO - [0m07:19:51  Done. PASS=8 WARN=0 ERROR=0 SKIP=0 NO-OP=0 REUSED=0 TOTAL=8
[2026-07-22T07:19:55.387+0000] {subprocess.py:97} INFO - Command exited with return code 0
[2026-07-22T07:19:55.393+0000] {taskinstance.py:441} INFO - ::group::Post task execution logs
[2026-07-22T07:19:55.721+0000] {taskinstance.py:1205} INFO - Marking task as SUCCESS. dag_id=nyc_taxi_pipeline, task_id=dbt_transform_marts, execution_date=20260722T025751, start_date=20260722T041317, end_date=20260722T071955
[2026-07-22T07:19:55.820+0000] {local_task_job_runner.py:240} INFO - Task exited with return code 0
[2026-07-22T07:19:55.948+0000] {taskinstance.py:3482} INFO - 0 downstream tasks scheduled from follow-on schedule check
[2026-07-22T07:19:55.952+0000] {local_task_job_runner.py:222} INFO - ::endgroup::
