[2026-07-22T04:07:37.938+0000] {local_task_job_runner.py:120} INFO - ::group::Pre task execution logs
[2026-07-22T04:07:38.053+0000] {taskinstance.py:2073} INFO - Dependencies all met for dep_context=non-requeueable deps ti=<TaskInstance: nyc_taxi_pipeline.dbt_transform_marts manual__2026-07-22T02:57:51.547305+00:00 [queued]>
[2026-07-22T04:07:38.073+0000] {taskinstance.py:2073} INFO - Dependencies all met for dep_context=requeueable deps ti=<TaskInstance: nyc_taxi_pipeline.dbt_transform_marts manual__2026-07-22T02:57:51.547305+00:00 [queued]>
[2026-07-22T04:07:38.075+0000] {taskinstance.py:2303} INFO - Starting attempt 3 of 4
[2026-07-22T04:07:38.103+0000] {taskinstance.py:2327} INFO - Executing <Task(BashOperator): dbt_transform_marts> on 2026-07-22 02:57:51.547305+00:00
[2026-07-22T04:07:38.118+0000] {standard_task_runner.py:90} INFO - Running: ['airflow', 'tasks', 'run', 'nyc_taxi_pipeline', 'dbt_transform_marts', 'manual__2026-07-22T02:57:51.547305+00:00', '--job-id', '9', '--raw', '--subdir', 'DAGS_FOLDER/nyc_taxi_pipeline.py', '--cfg-path', '/tmp/tmpkcz_jrpe']
[2026-07-22T04:07:38.126+0000] {standard_task_runner.py:91} INFO - Job 9: Subtask dbt_transform_marts
[2026-07-22T04:07:38.133+0000] {logging_mixin.py:188} WARNING - /home/airflow/.local/lib/python3.12/site-packages/airflow/task/task_runner/standard_task_runner.py:61 DeprecationWarning: This process (pid=1350) is multi-threaded, use of fork() may lead to deadlocks in the child.
[2026-07-22T04:07:38.135+0000] {standard_task_runner.py:63} INFO - Started process 1351 to run task
[2026-07-22T04:07:38.413+0000] {task_command.py:426} INFO - Running <TaskInstance: nyc_taxi_pipeline.dbt_transform_marts manual__2026-07-22T02:57:51.547305+00:00 [running]> on host 498e331a002a
[2026-07-22T04:07:39.018+0000] {taskinstance.py:2644} INFO - Exporting env vars: AIRFLOW_CTX_DAG_OWNER='airflow' AIRFLOW_CTX_DAG_ID='nyc_taxi_pipeline' AIRFLOW_CTX_TASK_ID='dbt_transform_marts' AIRFLOW_CTX_EXECUTION_DATE='2026-07-22T02:57:51.547305+00:00' AIRFLOW_CTX_TRY_NUMBER='3' AIRFLOW_CTX_DAG_RUN_ID='manual__2026-07-22T02:57:51.547305+00:00'
[2026-07-22T04:07:39.020+0000] {taskinstance.py:430} INFO - ::endgroup::
[2026-07-22T04:07:39.045+0000] {subprocess.py:63} INFO - Tmp dir root location: /tmp
[2026-07-22T04:07:39.048+0000] {subprocess.py:75} INFO - Running command: ['/usr/bin/bash', '-c', 'cd /opt/airflow/dbt && dbt run --profiles-dir .']
[2026-07-22T04:07:39.065+0000] {subprocess.py:86} INFO - Output:
[2026-07-22T04:07:39.096+0000] {subprocess.py:93} INFO -   dbt-core 2.0.0-alpha.5
[2026-07-22T04:07:39.101+0000] {subprocess.py:93} INFO -    Loading profiles.yml
[2026-07-22T04:07:39.748+0000] {subprocess.py:93} INFO - 
[2026-07-22T04:07:39.750+0000] {subprocess.py:93} INFO - =================== Errors and Warnings ====================
[2026-07-22T04:07:39.751+0000] {subprocess.py:93} INFO - [error] [InvalidConfig (dbt1005)]: Failed to parse profiles.yml: password: invalid type: integer `***`, expected a string at line 1 column 1
[2026-07-22T04:07:39.753+0000] {subprocess.py:93} INFO - 
[2026-07-22T04:07:39.755+0000] {subprocess.py:93} INFO - ==================== Execution Summary =====================
[2026-07-22T04:07:39.756+0000] {subprocess.py:93} INFO - Finished 'run' with 1 error [652ms]
[2026-07-22T04:07:39.757+0000] {subprocess.py:97} INFO - Command exited with return code 1
[2026-07-22T04:07:39.760+0000] {taskinstance.py:441} INFO - ::group::Post task execution logs
[2026-07-22T04:07:39.833+0000] {taskinstance.py:2890} ERROR - Task failed with exception
Traceback (most recent call last):
  File "/home/airflow/.local/lib/python3.12/site-packages/airflow/models/taskinstance.py", line 465, in _execute_task
    result = _execute_callable(context=context, **execute_callable_kwargs)
             ^^^^^^^^^^^^^^^^^^^^^^^^^^^^^^^^^^^^^^^^^^^^^^^^^^^^^^^^^^^^^
  File "/home/airflow/.local/lib/python3.12/site-packages/airflow/models/taskinstance.py", line 432, in _execute_callable
    return execute_callable(context=context, **execute_callable_kwargs)
           ^^^^^^^^^^^^^^^^^^^^^^^^^^^^^^^^^^^^^^^^^^^^^^^^^^^^^^^^^^^^
  File "/home/airflow/.local/lib/python3.12/site-packages/airflow/models/baseoperator.py", line 400, in wrapper
    return func(self, *args, **kwargs)
           ^^^^^^^^^^^^^^^^^^^^^^^^^^^
  File "/home/airflow/.local/lib/python3.12/site-packages/airflow/operators/bash.py", line 243, in execute
    raise AirflowException(
airflow.exceptions.AirflowException: Bash command failed. The command returned a non-zero exit code 1.
[2026-07-22T04:07:39.840+0000] {taskinstance.py:1205} INFO - Marking task as UP_FOR_RETRY. dag_id=nyc_taxi_pipeline, task_id=dbt_transform_marts, execution_date=20260722T025751, start_date=20260722T040738, end_date=20260722T040739
[2026-07-22T04:07:39.871+0000] {standard_task_runner.py:110} ERROR - Failed to execute job 9 for task dbt_transform_marts (Bash command failed. The command returned a non-zero exit code 1.; 1351)
[2026-07-22T04:07:39.882+0000] {local_task_job_runner.py:240} INFO - Task exited with return code 1
[2026-07-22T04:07:39.964+0000] {taskinstance.py:3482} INFO - 0 downstream tasks scheduled from follow-on schedule check
[2026-07-22T04:07:39.968+0000] {local_task_job_runner.py:222} INFO - ::endgroup::
